// Jest Snapshot v1, https://goo.gl/fbAQLP

exports[`<PaasCurrent /> should render correctly 1`] = `
<ReactFinalForm(3.0.0)(2.1.0)
  initialValues={Object {}}
  onSubmit={[Function]}
  render={[Function]}
  subscription={
    Object {
      "pristine": true,
      "submitting": true,
    }
  }
  validate={[Function]}
/>
`;
