// Jest Snapshot v1, https://goo.gl/fbAQLP

exports[`appPage should be a HOC that returns a new component 1`] = `
<Content__Content>
  <Component
    Loading={null}
    app={
      Immutable.Map {
        "error": null,
        "loading": false,
        "routes": Immutable.List [
          Immutable.Map {
            "key": "testHome",
            "path": "/test",
          },
          Immutable.Map {
            "key": "key2",
            "path": "/test2",
          },
        ],
      }
    }
    userRoles={
      Immutable.List [
        "test role1",
        "test role 2",
      ]
    }
  />
</Content__Content>
`;
