// Jest Snapshot v1, https://goo.gl/fbAQLP

exports[`appPage should be a HOC that returns a new component 1`] = `
<Content__Content>
  <Component
    app={
      Object {
        "error": null,
        "loading": false,
        "routes": Array [
          Object {
            "key": "key1",
            "path": "/test",
          },
          Object {
            "key": "key2",
            "path": "/test2",
          },
        ],
      }
    }
    userRoles={
      Array [
        "test role1",
        "test role 2",
      ]
    }
  />
</Content__Content>
`;
