// Jest Snapshot v1, https://goo.gl/fbAQLP

exports[`<CodeSplitting /> should render correctly 1`] = `
<examples__ExamplesWrapper>
  <ExamplesNav />
  <Switch>
    <Route
      component={[Function]}
      exact={true}
      key="/"
      path="/"
    />
    <Route
      component={[Function]}
      exact={true}
      key="/code-splitting"
      path="/code-splitting"
    />
    <Route
      component={[Function]}
      exact={true}
      key="/redux"
      path="/redux"
    />
    <Route
      component={[Function]}
      exact={true}
      key="/sagas"
      path="/sagas"
    />
  </Switch>
</examples__ExamplesWrapper>
`;

exports[`<ExamplesHome /> should render correctly 1`] = `
<Example
  desc={
    Array [
      "This project contains examples for how to use certain technologies used in react projects.",
      "Select a topic from above to begin!",
    ]
  }
  header="Examples"
/>
`;

exports[`<ExamplesNav /> should render correctly 1`] = `
<examples__NavWrapper>
  <examples__StyledLink
    key="/"
    to="/"
  >
    Home
  </examples__StyledLink>
  <examples__StyledLink
    key="/code-splitting"
    to="/code-splitting"
  >
    Code Splitting
  </examples__StyledLink>
  <examples__StyledLink
    key="/redux"
    to="/redux"
  >
    Redux
  </examples__StyledLink>
  <examples__StyledLink
    key="/sagas"
    to="/sagas"
  >
    Sagas
  </examples__StyledLink>
</examples__NavWrapper>
`;
