// Jest Snapshot v1, https://goo.gl/fbAQLP

exports[`<PasAdmin /> render should render correctly 1`] = `
<PasAdmin__Wrapper>
  <PasAdmin__Section
    flex={2}
  >
    <PasAdmin__StyledList
      columns={
        Array [
          Object {
            "ariaLabel": "Full Name of the Employee",
            "data": Object {},
            "fieldName": "fullName",
            "isResizable": true,
            "isSortedDescending": true,
            "key": "fullName",
            "maxWidth": 150,
            "minWidth": 100,
            "name": "Full Name",
            "notSortable": false,
          },
        ]
      }
      items={Array []}
      selection={
        Selection {
          "_anchoredIndex": 0,
          "_canSelectItem": [Function],
          "_changeEventSuppressionCount": 0,
          "_exemptedCount": 0,
          "_exemptedIndices": Object {},
          "_getKey": [Function],
          "_isModal": false,
          "_items": Array [],
          "_keyToIndexMap": Object {},
          "_onSelectionChanged": [Function],
          "_selectedItems": null,
          "_unselectableCount": 0,
          "_unselectableIndices": Object {},
          "mode": 2,
        }
      }
      sortBy={
        Array [
          "fullName",
        ]
      }
      style={
        Object {
          "count": 2,
          "padding": 10,
        }
      }
      title="No Manager"
    />
    <PasAdmin__StyledList
      columns={
        Array [
          Object {
            "ariaLabel": "Full Name of the Employee",
            "data": Object {},
            "fieldName": "fullName",
            "isResizable": true,
            "isSortedDescending": true,
            "key": "fullName",
            "maxWidth": 150,
            "minWidth": 100,
            "name": "Full Name",
            "notSortable": false,
          },
          Object {
            "ariaLabel": "Full Name of the Employee's Manager",
            "data": Object {},
            "fieldName": "managerFullName",
            "isResizable": true,
            "isSortedDescending": undefined,
            "key": "managerFullName",
            "maxWidth": 200,
            "minWidth": 100,
            "name": "Manager Name",
            "notSortable": false,
          },
        ]
      }
      selection={
        Selection {
          "_anchoredIndex": 0,
          "_canSelectItem": [Function],
          "_changeEventSuppressionCount": 0,
          "_exemptedCount": 0,
          "_exemptedIndices": Object {},
          "_getKey": [Function],
          "_isModal": false,
          "_items": Array [],
          "_keyToIndexMap": Object {},
          "_onSelectionChanged": [Function],
          "_selectedItems": null,
          "_unselectableCount": 0,
          "_unselectableIndices": Object {},
          "mode": 2,
        }
      }
      sortBy={
        Array [
          "fullName",
        ]
      }
      style={
        Object {
          "count": 2,
          "padding": 10,
        }
      }
      title="Assigned Manager"
    />
  </PasAdmin__Section>
  <PasAdmin__Section>
    <ReactFinalForm(3.0.0)(2.1.0)
      initialValues={
        Object {
          "employeeName": "Select an Employee",
          "employee_id": undefined,
          "manager_id": undefined,
        }
      }
      onSubmit={[Function]}
      render={[Function]}
      subscription={
        Object {
          "pristine": true,
          "submitting": true,
        }
      }
      validate={[Function]}
    />
  </PasAdmin__Section>
</PasAdmin__Wrapper>
`;

exports[`<PasAdmin /> renderForm should return a FormSection 1`] = `
<PasAdmin__StyledForm
  onSubmit={[Function]}
>
  <h3>
    Update Manager
  </h3>
  <WrappedField
    ariaLabel=""
    disabled={true}
    label="Employee Name"
    name="employeeName"
    placeholder=""
    required={false}
    validate={Array []}
  />
  <WrappedField
    allowFreeform={0}
    ariaLabel=""
    autoComplete="on"
    disabled={true}
    label="Manager"
    name="manager_id"
    options={
      Array [
        Object {
          "key": "",
          "text": "",
        },
        Object {
          "key": "test",
          "text": "abc def",
        },
        Object {
          "key": "123",
          "text": "ghi jkl",
        },
      ]
    }
    placeholder=""
    required={true}
    validate={Array []}
  />
  <FormButtons
    disabled={true}
    reset={[Function]}
  />
</PasAdmin__StyledForm>
`;
