// Jest Snapshot v1, https://goo.gl/fbAQLP

exports[`<HelpItem /> should render correctly 1`] = `
<HelpItem__Item>
  <HelpItem__StlyedLink />
</HelpItem__Item>
`;

exports[`<HelpItem__Item /> should render correctly 1`] = `
.c0 {
  list-style-type: none;
  margin: 0 -20px;
}

.c0:hover {
  background: #f4f4f4;
}

<li
  className="c0"
/>
`;

exports[`<HelpItem__StlyedLink /> should render correctly 1`] = `
.c0 {
  color: #ffffff;
  display: block;
  padding: 15px;
}

.c0:hover,
.c0:active,
.c0:focus {
  color: #212121;
}

<Link
  className="c0"
/>
`;
