// Jest Snapshot v1, https://goo.gl/fbAQLP

exports[`Spa Entry should render correctly 1`] = `
<Wrapper__Wrapper>
  <withReducer(withSaga(Spa)) />
  <App-Content__AppContent>
    <Router
      routes={
        Array [
          Object {
            "component": [Function],
            "exact": true,
            "key": "spaHome",
            "name": "Home",
            "path": "/spa/home",
          },
          Object {
            "component": [Function],
            "exact": true,
            "key": "spaAdmin",
            "name": "Admin",
            "path": "/spa/admin",
            "roles": Array [
              "SPA Admin",
            ],
          },
        ]
      }
    />
  </App-Content__AppContent>
</Wrapper__Wrapper>
`;
