// Jest Snapshot v1, https://goo.gl/fbAQLP

exports[`Paas Entry should render correctly 1`] = `
<Wrapper__Wrapper>
  <withReducer(withSaga(Paas)) />
  <App-Content__AppContent>
    <Router
      routes={
        Array [
          Object {
            "component": [Function],
            "exact": true,
            "key": "paasHome",
            "name": "Current Staff",
            "path": "/paas/current",
            "roles": Array [
              "PAAS Manager",
            ],
            "rolesRedirect": Object {
              "PAAS Reports": "paasReport",
            },
          },
          Object {
            "component": [Function],
            "exact": true,
            "key": "paasPrevious",
            "name": "Previous Staff",
            "path": "/paas/previous",
            "roles": Array [
              "PAAS Manager",
            ],
          },
          Object {
            "component": [Function],
            "exact": true,
            "key": "paasReport",
            "name": "Report",
            "path": "/paas/report",
            "roles": Array [
              "PAAS Reports",
            ],
          },
        ]
      }
    />
  </App-Content__AppContent>
</Wrapper__Wrapper>
`;
