// Jest Snapshot v1, https://goo.gl/fbAQLP

exports[`<Paas /> should render correctly 1`] = `
<Connect(AppContainer)
  app={
    Object {
      "meta": Object {
        "desc": "Personal Authorization Access System",
        "keywords": "tracking, access, authorization",
        "title": "PAAS",
      },
      "name": "test name",
      "routes": Array [
        Object {
          "component": [Function],
          "exact": true,
          "key": "paasHome",
          "name": "Home",
          "path": "/paas/home",
          "roles": Array [
            "PAAS Manager",
          ],
        },
        Object {
          "component": [Function],
          "exact": true,
          "key": "paasReport",
          "name": "Report",
          "path": "/paas/report",
          "roles": Array [
            "PAAS Manager",
            "PAAS HR Admin",
            "PAAS Security Admin",
          ],
        },
      ],
    }
  }
/>
`;
