// Jest Snapshot v1, https://goo.gl/fbAQLP

exports[`meta should be in the correct format 1`] = `
Object {
  "appHub": Object {
    "desc": "Central location for CDT ODI applications",
    "keywords": "App, Hub",
    "title": "App Hub",
  },
  "bars": Object {
    "desc": "Badge Access Request System",
    "keywords": "badge, employee, new, student, request",
    "title": "BARS",
  },
  "cold": Object {
    "desc": "",
    "keywords": "",
    "title": "COLD",
  },
  "demo": Object {
    "desc": "Demo Description",
    "keywords": "Demo Keyword 1, Demo Keyword 2",
    "title": "Demo Title",
  },
  "ed": Object {
    "desc": "Employee Directory",
    "keywords": "Employee, Directory, Lookup",
    "title": "ED",
  },
  "paas": Object {
    "desc": "Personal Authorization Access System",
    "keywords": "tracking, access, authorization",
    "title": "PAAS",
  },
  "spa": Object {
    "desc": "Security Policy Acknowledgement",
    "keywords": "SPA",
    "title": "SPA",
  },
}
`;

exports[`meta should be in the correct format 2`] = `
Object {
  "desc": "Central location for CDT ODI applications",
  "keywords": "App, Hub",
  "title": "App Hub",
}
`;
