// Jest Snapshot v1, https://goo.gl/fbAQLP

exports[`<App-Content__AppContent /> should render correctly 1`] = `
.c0 {
  display: -webkit-box;
  display: -webkit-flex;
  display: -ms-flexbox;
  display: flex;
  -webkit-flex: 1;
  -ms-flex: 1;
  flex: 1;
  background-color: #f8f8f8;
  height: calc(100vh - 50px);
  overflow-y: auto;
  overflow-x: hidden;
}

<div
  className="c0"
/>
`;
