// Jest Snapshot v1, https://goo.gl/fbAQLP

exports[`<Spa /> should render correctly 1`] = `
<withRouter(Connect(Component))
  appProps={
    Object {
      "meta": Object {
        "desc": "Security Policy Acknowledgement",
        "keywords": "SPA",
        "title": "SPA",
      },
      "name": "SPA",
      "routes": Array [
        Object {
          "component": [Function],
          "exact": true,
          "key": "spaHome",
          "name": "Home",
          "path": "/spa/home",
        },
        Object {
          "component": [Function],
          "exact": true,
          "key": "spaAdmin",
          "name": "Admin",
          "path": "/spa/admin",
          "roles": Array [
            "SPA Creator",
            "SPA Creator - BPAS",
            "SPA Creator - Security",
            "SPA Creator - Test",
          ],
        },
        Object {
          "component": [Function],
          "exact": true,
          "hidden": true,
          "key": "spaForm",
          "name": "Form",
          "path": "/spa/form/:id",
          "roles": Array [
            "SPA Creator",
            "SPA Creator - BPAS",
            "SPA Creator - Security",
            "SPA Creator - Test",
          ],
        },
        Object {
          "component": [Function],
          "exact": true,
          "hidden": true,
          "key": "spaReport",
          "name": "Report",
          "path": "/spa/report/:id",
          "roles": Array [
            "SPA Creator",
            "SPA Creator - BPAS",
            "SPA Creator - Security",
            "SPA Creator - Test",
          ],
        },
        Object {
          "component": [Function],
          "exact": true,
          "key": "spaHelp",
          "name": "Help",
          "path": "/spa/help",
        },
      ],
    }
  }
/>
`;
