// Jest Snapshot v1, https://goo.gl/fbAQLP

exports[`routes should be in the correct format 1`] = `
Array [
  Object {
    "component": [Function],
    "exact": true,
    "key": "spaHome",
    "name": "Home",
    "path": "/spa/home",
  },
  Object {
    "component": [Function],
    "exact": true,
    "key": "spaAdmin",
    "name": "Admin",
    "path": "/spa/admin",
    "roles": Array [
      "SPA Creator",
      "SPA Creator - BPAS",
      "SPA Creator - Security",
      "SPA Creator - Test",
    ],
  },
  Object {
    "component": [Function],
    "exact": true,
    "hidden": true,
    "key": "spaReport",
    "name": "Report",
    "path": "/spa/report/:id",
    "roles": Array [
      "SPA Creator",
      "SPA Creator - BPAS",
      "SPA Creator - Security",
      "SPA Creator - Test",
    ],
  },
  Object {
    "component": [Function],
    "exact": true,
    "key": "spaHelp",
    "name": "Help",
    "path": "/spa/help",
  },
]
`;
