// Jest Snapshot v1, https://goo.gl/fbAQLP

exports[`<SpaReport /> should render correctly 1`] = `
<Wrapper__Wrapper>
  <Section__Section>
    <Details
      selectedItem={Object {}}
    />
    <WithFauxDOM(PieChart)
      data={Array []}
      dataKey="test"
      hasData={false}
      onClick={[Function]}
      stats={
        Object {
          "acknowledged": Object {
            "color": "#004578",
            "count": 0,
            "percent": 100,
          },
          "pending": Object {
            "color": "#0078d7",
            "count": 0,
            "percent": 0,
          },
        }
      }
    />
  </Section__Section>
  <Section__Section>
    <Recipients
      columns={
        Array [
          Object {
            "ariaLabel": "First name of the recipient",
            "data": Object {},
            "fieldName": "firstName",
            "isResizable": true,
            "key": "firstName",
            "maxWidth": 100,
            "minWidth": 100,
            "name": "First Name",
          },
          Object {
            "ariaLabel": "Last name of the recipient",
            "data": Object {},
            "fieldName": "lastName",
            "isResizable": true,
            "key": "lastName",
            "maxWidth": 100,
            "minWidth": 100,
            "name": "Last Name",
          },
          Object {
            "ariaLabel": "Sam account of the recipient",
            "data": Object {},
            "fieldName": "samAccount",
            "isResizable": true,
            "key": "samAccount",
            "maxWidth": 100,
            "minWidth": 100,
            "name": "Sam Account",
          },
          Object {
            "ariaLabel": "Email of the recipient",
            "data": Object {},
            "fieldName": "email",
            "isResizable": true,
            "key": "email",
            "maxWidth": 200,
            "minWidth": 200,
            "name": "Email",
          },
          Object {
            "ariaLabel": "Date of recipients first acknowledgment reminder",
            "data": Object {
              "type": "DATE",
            },
            "fieldName": "firstReminderDate",
            "isResizable": true,
            "key": "firstReminderDate",
            "maxWidth": 200,
            "minWidth": 100,
            "name": "First Reminder Date",
          },
          Object {
            "ariaLabel": "Date of recipients second acknowledgment reminder",
            "data": Object {
              "type": "DATE",
            },
            "fieldName": "secondReminderDate",
            "isResizable": true,
            "key": "secondReminderDate",
            "maxWidth": 200,
            "minWidth": 100,
            "name": "Second Reminder Date",
          },
          Object {
            "ariaLabel": "Date of recipients final acknowledgment reminder",
            "data": Object {
              "type": "DATE",
            },
            "fieldName": "finalReminderDate",
            "isResizable": true,
            "key": "finalReminderDate",
            "maxWidth": 200,
            "minWidth": 100,
            "name": "Final Reminder Date",
          },
        ]
      }
      empty={
        Object {
          "message": "No Recipients",
        }
      }
      items={Array []}
      selectionMode={0}
      title="Pending Recipients"
    />
  </Section__Section>
</Wrapper__Wrapper>
`;
