// Jest Snapshot v1, https://goo.gl/fbAQLP

exports[`<Recipients /> should render correctly 1`] = `
<Recipients__StyledList
  columns={Array []}
  items={Array []}
  style={
    Object {
      "padding": 50,
    }
  }
/>
`;

exports[`<Recipients__StyledList /> should render correctly 1`] = `
.c0 {
  margin: 5px;
}

<List
  className="c0"
  empty={
    Object {
      "message": "No items",
    }
  }
  enums={Object {}}
  items={Array []}
  selectionMode={0}
  style={Object {}}
/>
`;
