// Jest Snapshot v1, https://goo.gl/fbAQLP

exports[`TestApp Entry should render correctly 1`] = `
<Wrapper__Wrapper>
  <withReducer(withSaga(Connect(TestApp))) />
  <App-Content__AppContent>
    <Router
      routes={
        Array [
          Object {
            "component": [Function],
            "exact": true,
            "key": "testAppHome",
            "name": "Home",
            "path": "/test-app/home",
          },
        ]
      }
    />
  </App-Content__AppContent>
</Wrapper__Wrapper>
`;
