// Jest Snapshot v1, https://goo.gl/fbAQLP

exports[`<AppNav /> should render correctly 1`] = `
<Items__Items
  groups={
    Array [
      Object {
        "links": Array [
          Object {
            "key": "test-key1",
            "name": "test route1",
            "path": "/test-route1",
          },
          Object {
            "key": "test-key3",
            "name": "test route3",
            "path": "/test-route3",
            "roles": Array [
              "test role 2",
            ],
          },
        ],
      },
    ]
  }
  isMobile={false}
  onLinkClick={[Function]}
  selectedKey={null}
/>
`;
