// Jest Snapshot v1, https://goo.gl/fbAQLP

exports[`<AckModal /> should render correctly 1`] = `
<WithResponsiveMode
  dialogContentProps={
    Object {
      "subText": "test details",
      "title": "test title",
      "type": 1,
    }
  }
  hidden={false}
  onDismiss={[Function]}
>
  <form
    noValidate={true}
  >
    <WrappedField
      ariaLabel=""
      disabled={true}
      name="hasAck"
      options={
        Array [
          Object {
            "key": "ack",
            "text": "test statement",
          },
        ]
      }
      placeholder=""
      required={false}
      validate={Array []}
    />
    <DialogFooter>
      <CustomizedPrimaryButton
        disabled={false}
        onClick={[Function]}
        text="Download"
      />
      <CustomizedDefaultButton
        onClick={[Function]}
        text="Cancel"
      />
    </DialogFooter>
  </form>
</WithResponsiveMode>
`;
