// Jest Snapshot v1, https://goo.gl/fbAQLP

exports[`<SpaHome /> should render correctly 1`] = `
<div>
  <AckSection__AckSection>
    <List
      columns={
        Array [
          Object {
            "fieldName": "name",
            "key": "name",
            "name": "Name",
          },
          Object {
            "fieldName": "status",
            "key": "status",
            "name": "Status",
          },
          Object {
            "fieldName": "startDate",
            "key": "startDate",
            "name": "Start Date",
          },
          Object {
            "fieldName": "endDate",
            "key": "endDate",
            "name": "End Date",
          },
        ]
      }
      emptyMessage="No Acknowledgments Pending Approval"
      items={Array []}
      onActiveItemChanged={[Function]}
      selectionMode={0}
      title="Pending Acknowledgment"
    />
  </AckSection__AckSection>
  <AckSection__AckSection>
    <List
      columns={
        Array [
          Object {
            "fieldName": "name",
            "key": "name",
            "name": "Name",
          },
          Object {
            "fieldName": "status",
            "key": "status",
            "name": "Status",
          },
          Object {
            "fieldName": "startDate",
            "key": "startDate",
            "name": "Start Date",
          },
          Object {
            "fieldName": "endDate",
            "key": "endDate",
            "name": "End Date",
          },
        ]
      }
      emptyMessage="No Previous Acknowledgments"
      items={Array []}
      onActiveItemChanged={[Function]}
      selectionMode={0}
      title="Previous Acknowledgments"
    />
  </AckSection__AckSection>
  <AckModal
    hasRead={false}
    hideModal={true}
    item={Object {}}
    onAck={[Function]}
    onClose={[Function]}
    onRead={[Function]}
  />
</div>
`;
