// Jest Snapshot v1, https://goo.gl/fbAQLP

exports[`<SpaHome /> should render correctly 1`] = `
<div>
  <Spa-Home__StyledList>
    <List
      checkboxVisibility={2}
      columns={
        Array [
          Object {
            "fieldName": "name",
            "key": "name",
            "name": "Name",
          },
          Object {
            "fieldName": "status",
            "key": "status",
            "name": "Status",
          },
          Object {
            "fieldName": "startDate",
            "key": "startDate",
            "name": "Start Date",
          },
          Object {
            "fieldName": "endDate",
            "key": "endDate",
            "name": "End Date",
          },
          Object {
            "fieldName": "readButton",
            "isIconOnly": true,
            "key": "readButton",
            "name": "readButton",
            "notSortable": true,
            "onRender": [Function],
          },
          Object {
            "fieldName": "ackButton",
            "isIconOnly": true,
            "key": "ackButton",
            "name": "ackButton",
            "notSortable": true,
            "onRender": [Function],
          },
        ]
      }
      emptyMessage="No Acknowledgments Pending Approval"
      items={Array []}
      title="Pending Acknowledgment"
    />
  </Spa-Home__StyledList>
  <Spa-Home__StyledList>
    <List
      columns={
        Array [
          Object {
            "fieldName": "name",
            "key": "name",
            "name": "Name",
          },
          Object {
            "fieldName": "status",
            "key": "status",
            "name": "Status",
          },
          Object {
            "fieldName": "startDate",
            "key": "startDate",
            "name": "Start Date",
          },
          Object {
            "fieldName": "endDate",
            "key": "endDate",
            "name": "End Date",
          },
          Object {
            "fieldName": "readButton",
            "isIconOnly": true,
            "key": "readButton",
            "name": "readButton",
            "notSortable": true,
            "onRender": [Function],
          },
          Object {
            "fieldName": "ackButton",
            "isIconOnly": true,
            "key": "ackButton",
            "name": "ackButton",
            "notSortable": true,
            "onRender": [Function],
          },
        ]
      }
      emptyMessage="No Previous Acknowledgments"
      items={Array []}
      title="Previous Acknowledgments"
    />
  </Spa-Home__StyledList>
</div>
`;
