// Jest Snapshot v1, https://goo.gl/fbAQLP

exports[`<EmptyMessage /> should render correctly 1`] = `
<EmptyMessage__Wrapper>
  <p>
    test message
  </p>
  <CustomizedDefaultButton
    iconProps={
      Object {
        "iconName": "testIcon",
      }
    }
    onClick={[Function]}
    text="test button text"
  />
</EmptyMessage__Wrapper>
`;

exports[`<EmptyMessage__Wrapper /> should render correctly 1`] = `
.c0 {
  -webkit-flex: 1 200px;
  -ms-flex: 1 200px;
  flex: 1 200px;
  display: -webkit-inline-box;
  display: -webkit-inline-flex;
  display: -ms-flexbox;
  display: inline-flex;
  -webkit-flex-direction: column;
  -ms-flex-direction: column;
  flex-direction: column;
  -webkit-align-items: center;
  -webkit-box-align: center;
  -ms-flex-align: center;
  align-items: center;
}

<div
  className="c0"
/>
`;
