// Jest Snapshot v1, https://goo.gl/fbAQLP

exports[`<Wrapper__Wrapper /> should render correctly 1`] = `
.c0 {
  position: relative;
  margin: 10px;
  min-height: 350px;
  height: calc(100vh -       50px -       10px -       10px);
}

.c0 > .ms-ScrollablePane {
  min-height: 280px;
  height: calc(100vh -         50px -         10px -         10px -         50px -         20px);
}

<Section__Section
  className="c0"
  count={1}
  padding={10}
/>
`;
