// Jest Snapshot v1, https://goo.gl/fbAQLP

exports[`<PaasReport /> should render correctly 1`] = `
<Wrapper__Wrapper>
  <Section__Section>
    <Filters />
    <Connect(PieChart)
      data={
        Array [
          Object {
            "key": 0,
            "value": 0,
          },
          Object {
            "key": 1,
            "value": 0,
          },
          Object {
            "key": 2,
            "value": 0,
          },
        ]
      }
      hasData={false}
      onClick={[Function]}
      selectedKey={2}
      stats={
        Object {
          "approved": Object {
            "count": 0,
            "percent": 0,
          },
          "denied": Object {
            "count": 0,
            "percent": 0,
          },
          "pending": Object {
            "count": 0,
            "percent": 100,
          },
        }
      }
    />
  </Section__Section>
  <Section__Section>
    <Authorizations
      columns={
        Array [
          Object {
            "ariaLabel": "Full Name of the Employee",
            "data": Object {},
            "fieldName": "fullName",
            "isResizable": true,
            "isSortedDescending": true,
            "key": "fullName",
            "maxWidth": 250,
            "minWidth": 100,
            "name": "Full Name",
            "notSortable": false,
          },
          Object {
            "ariaLabel": "Full Name of the Employee's Manager",
            "data": Object {},
            "fieldName": "managerFullName",
            "isResizable": true,
            "isSortedDescending": undefined,
            "key": "managerFullName",
            "maxWidth": 200,
            "minWidth": 100,
            "name": "Manager Name",
            "notSortable": false,
          },
          Object {
            "ariaLabel": "Date the Authorization was last approved",
            "data": Object {
              "type": "date",
            },
            "fieldName": "lastApproved",
            "isResizable": true,
            "isSortedDescending": undefined,
            "key": "lastApproved",
            "maxWidth": 200,
            "minWidth": 100,
            "name": "Last Approved",
            "notSortable": false,
          },
        ]
      }
      empty={
        Object {
          "message": "No Authorizations",
        }
      }
      items={Array []}
      selectionMode={0}
      title="Pending Authorizations"
    />
  </Section__Section>
</Wrapper__Wrapper>
`;
