// Jest Snapshot v1, https://goo.gl/fbAQLP

exports[`<PieChart__Wrapper /> should render correctly 1`] = `
.c0 {
  -webkit-flex: 1 0 auto;
  -ms-flex: 1 0 auto;
  flex: 1 0 auto;
  display: -webkit-box;
  display: -webkit-flex;
  display: -ms-flexbox;
  display: flex;
  -webkit-flex-flow: row wrap;
  -ms-flex-flow: row wrap;
  flex-flow: row wrap;
  -webkit-box-pack: center;
  -webkit-justify-content: center;
  -ms-flex-pack: center;
  justify-content: center;
  -ms-flex-line-pack: center;
  align-content: center;
  -webkit-align-items: center;
  -webkit-box-align: center;
  -ms-flex-align: center;
  align-items: center;
  margin: 5px;
  background: #ffffff;
  box-shadow: 0 0 3px #eaeaea;
}

<div
  className="c0"
/>
`;

exports[`PieChart should render a no data indicator and no chart if there is no data 1`] = `
<PieChart__Wrapper>
  No Data
</PieChart__Wrapper>
`;

exports[`PieChart should render correctly 1`] = `
<PieChart__Wrapper>
  <WithFauxDOM(WithD3Renderer)
    data={Array []}
    hasData={true}
    height={240}
    legend={
      Array [
        Object {
          "checked": true,
          "key": 0,
          "onClick": [Function],
          "text": "All Approved: 5 (10 %)",
        },
        Object {
          "checked": false,
          "key": 1,
          "onClick": [Function],
          "text": "Any Denied: 30 (70 %)",
        },
        Object {
          "checked": false,
          "key": 2,
          "onClick": [Function],
          "text": "Pending: 10 (15 %)",
        },
        Object {
          "checked": false,
          "key": 3,
          "onClick": [Function],
          "text": "No Manager: 8 (5 %)",
        },
      ]
    }
    onClick={[Function]}
    selectedKey={0}
    stats={
      Object {
        "approved": Object {
          "count": 5,
          "percent": 10,
        },
        "denied": Object {
          "count": 30,
          "percent": 70,
        },
        "noManager": Object {
          "count": 8,
          "percent": 5,
        },
        "pending": Object {
          "count": 10,
          "percent": 15,
        },
      }
    }
    width={240}
  />
</PieChart__Wrapper>
`;
