// Jest Snapshot v1, https://goo.gl/fbAQLP

exports[`<Wrapper__Wrapper /> should render correctly 1`] = `
.c0 {
  display: -webkit-box;
  display: -webkit-flex;
  display: -ms-flexbox;
  display: flex;
  -webkit-flex-wrap: wrap;
  -ms-flex-wrap: wrap;
  flex-wrap: wrap;
  min-height: calc(100vh - 50px - 40px - 20px);
  margin: 10px 0;
  width: 100%;
}

<div
  className="c0"
/>
`;
