// Jest Snapshot v1, https://goo.gl/fbAQLP

exports[`<DisableModal /> should render correctly 1`] = `
<WithResponsiveMode
  dialogContentProps={
    Object {
      "title": "test title",
      "type": 0,
    }
  }
  onDismiss={[Function]}
>
  <DisableModal__Warning>
    WARNING: This is no going back! Are you sure you want to test type test title?
  </DisableModal__Warning>
  <DialogFooter>
    <CustomizedPrimaryButton
      onClick={[Function]}
      text="Confirm"
    />
    <CustomizedDefaultButton
      onClick={[Function]}
      text="Cancel"
    />
  </DialogFooter>
</WithResponsiveMode>
`;

exports[`<DisableModal__Warning /> should render correctly 1`] = `
.c0 {
  font-weight: bold;
}

<p
  className="c0"
/>
`;
