// Jest Snapshot v1, https://goo.gl/fbAQLP

exports[`<DisableModal /> should render correctly 1`] = `
<WithResponsiveMode
  dialogContentProps={
    Object {
      "subText": "test details",
      "title": "test title",
      "type": 0,
    }
  }
  onDismiss={[Function]}
>
  <p>
    Are you sure you want to disable test title?
  </p>
  <DialogFooter>
    <CustomizedPrimaryButton
      onClick={[Function]}
      text="Confirm"
    />
    <CustomizedDefaultButton
      onClick={[Function]}
      text="Cancel"
    />
  </DialogFooter>
</WithResponsiveMode>
`;
