// Jest Snapshot v1, https://goo.gl/fbAQLP

exports[`<SpaAdmin /> should render correctly 1`] = `
<div>
  <AdminNav__AdminNav
    isSearchBoxVisible={false}
    items={
      Array [
        Object {
          "ariaLabel": "Add New Acknowledgment",
          "icon": "plus",
          "key": "new",
          "name": "New",
          "onClick": [Function],
        },
      ]
    }
  />
  <div>
    <ListSection__ListSection
      margin={18}
      vh={50}
    >
      <List
        columns={
          Array [
            Object {
              "ariaLabel": "Title of the acknowledgment",
              "fieldName": "title",
              "isResizable": true,
              "key": "title",
              "maxWidth": 400,
              "minWidth": 100,
              "name": "Title",
            },
            Object {
              "ariaLabel": "Date the acknowledgment takes effect",
              "fieldName": "activeStartDate",
              "isResizable": true,
              "key": "activeStartDate",
              "maxWidth": 400,
              "minWidth": 100,
              "name": "Start Date",
            },
            Object {
              "ariaLabel": "Date the acknowledgment expires",
              "fieldName": "activeEndDate",
              "isResizable": true,
              "key": "activeEndDate",
              "maxWidth": 400,
              "minWidth": 100,
              "name": "Start Date",
            },
            Object {
              "ariaLabel": "AD groups that must acknowledge the policy",
              "fieldName": "targetADGroup",
              "isResizable": true,
              "key": "targetADGroup",
              "maxWidth": 400,
              "minWidth": 100,
              "name": "Target Group(s)",
            },
            Object {
              "ariaLabel": "Name of the file that must be read before acknowledging",
              "fieldName": "fileName",
              "isResizable": true,
              "key": "fileName",
              "maxWidth": 400,
              "minWidth": 100,
              "name": "Attachment Name",
            },
          ]
        }
        empty={
          Object {
            "buttonIcon": "plus",
            "buttonText": "Create New",
            "message": "No Active Acknowledgments",
            "onClick": [Function],
          }
        }
        items={
          Array [
            Object {
              "id": 1,
              "status": 0,
              "title": "testPending1",
            },
            Object {
              "id": 2,
              "status": 0,
              "title": "testPending2",
            },
          ]
        }
        selection={
          Selection {
            "_anchoredIndex": 0,
            "_canSelectItem": [Function],
            "_changeEventSuppressionCount": 0,
            "_exemptedCount": 0,
            "_exemptedIndices": Object {},
            "_getKey": [Function],
            "_isModal": false,
            "_items": Array [],
            "_keyToIndexMap": Object {},
            "_onSelectionChanged": [Function],
            "_unselectableCount": 0,
            "_unselectableIndices": Object {},
            "mode": 2,
          }
        }
        selectionMode={0}
        title="Active Acknowledgments"
      />
    </ListSection__ListSection>
    <ListSection__ListSection
      margin={18}
      vh={50}
    >
      <List
        columns={
          Array [
            Object {
              "ariaLabel": "Title of the acknowledgment",
              "fieldName": "title",
              "isResizable": true,
              "key": "title",
              "maxWidth": 400,
              "minWidth": 100,
              "name": "Title",
            },
            Object {
              "ariaLabel": "Date the acknowledgment takes effect",
              "fieldName": "activeStartDate",
              "isResizable": true,
              "key": "activeStartDate",
              "maxWidth": 400,
              "minWidth": 100,
              "name": "Start Date",
            },
            Object {
              "ariaLabel": "Date the acknowledgment expires",
              "fieldName": "activeEndDate",
              "isResizable": true,
              "key": "activeEndDate",
              "maxWidth": 400,
              "minWidth": 100,
              "name": "Start Date",
            },
            Object {
              "ariaLabel": "AD groups that must acknowledge the policy",
              "fieldName": "targetADGroup",
              "isResizable": true,
              "key": "targetADGroup",
              "maxWidth": 400,
              "minWidth": 100,
              "name": "Target Group(s)",
            },
            Object {
              "ariaLabel": "Name of the file that must be read before acknowledging",
              "fieldName": "fileName",
              "isResizable": true,
              "key": "fileName",
              "maxWidth": 400,
              "minWidth": 100,
              "name": "Attachment Name",
            },
          ]
        }
        empty={
          Object {
            "message": "No Previous Acknowledgments",
          }
        }
        items={
          Array [
            Object {
              "id": 3,
              "status": undefined,
              "title": "testPrevious1",
            },
            Object {
              "id": 4,
              "status": 2,
              "title": "testPrevious2",
            },
          ]
        }
        selection={
          Selection {
            "_anchoredIndex": 0,
            "_canSelectItem": [Function],
            "_changeEventSuppressionCount": 0,
            "_exemptedCount": 0,
            "_exemptedIndices": Object {},
            "_getKey": [Function],
            "_isModal": false,
            "_items": Array [],
            "_keyToIndexMap": Object {},
            "_onSelectionChanged": [Function],
            "_unselectableCount": 0,
            "_unselectableIndices": Object {},
            "mode": 2,
          }
        }
        selectionMode={0}
        title="Previous Acknowledgments"
      />
    </ListSection__ListSection>
  </div>
</div>
`;
