// Jest Snapshot v1, https://goo.gl/fbAQLP

exports[`<NewAckForm /> should render correctly 1`] = `
<Form__Form
  margin="40px"
  noValidate={true}
  vh={100}
>
  <h3>
    test title
  </h3>
  <NewAckForm__Fields>
    <NewAckForm__FieldSection>
      <WrappedField
        ariaLabel="Title of the acknowledgment"
        disabled={false}
        key="title"
        label="Title"
        name="title"
        placeholder="Enter acknowledgment title"
        required={true}
        validate={Array []}
      />
      <WrappedField
        ariaLabel="Date the acknowledgment takes effect"
        disabled={false}
        key="activeStartDate"
        label="Start Date"
        name="activeStartDate"
        placeholder="Select the start date"
        required={true}
        validate={
          Array [
            [Function],
          ]
        }
      />
      <WrappedField
        ariaLabel="Date the acknowledgment expires"
        disabled={false}
        key="activeEndDate"
        label="End Date"
        name="activeEndDate"
        placeholder="Select the end date"
        required={true}
        validate={
          Array [
            [Function],
          ]
        }
      />
      <WrappedField
        ariaLabel="AD groups that must acknowledge the policy"
        disabled={false}
        key="targetADGroup"
        label="Target Group(s)"
        name="targetADGroup"
        options={Array []}
        placeholder=""
        required={true}
        validate={Array []}
      />
    </NewAckForm__FieldSection>
    <NewAckForm__FieldSection>
      <WrappedField
        ariaLabel="Statement that will be placed under the details of the acknowledgment"
        disabled={false}
        key="ackStatement"
        label="Statement"
        name="ackStatement"
        placeholder="Enter the acknowledgment statement"
        required={true}
        validate={Array []}
      />
      <WrappedField
        ariaLabel="Details of the acknowledgment"
        disabled={false}
        key="detailsText"
        label="Details"
        multiline={true}
        name="detailsText"
        placeholder="Enter acknowledgment details"
        required={true}
        validate={Array []}
      />
      <WrappedField
        ariaLabel="Name of the file that must be read before acknowledging"
        disabled={false}
        key="fileName"
        label="Attachment Name"
        name="fileName"
        placeholder="Enter attachment name"
        required={false}
        validate={Array []}
      />
      <WrappedField
        ariaLabel="Attach the file that must be read before acknowledging"
        disabled={false}
        key="fileContent"
        label="Attachment"
        name="fileContent"
        placeholder="Attach a File"
        required={false}
        validate={Array []}
      />
    </NewAckForm__FieldSection>
  </NewAckForm__Fields>
  <FormButtons__Buttons>
    <CustomizedDefaultButton
      disabled={false}
      primary={true}
      text="Submit"
      type="submit"
    />
    <CustomizedDefaultButton
      disabled={false}
      onClick={[Function]}
      text="Clear"
    />
  </FormButtons__Buttons>
</Form__Form>
`;
