// Jest Snapshot v1, https://goo.gl/fbAQLP

exports[`routes should be in the correct format 1`] = `
Array [
  Object {
    "component": [Function],
    "exact": true,
    "key": "paasHome",
    "name": "Current Staff",
    "path": "/paas/current",
    "roles": Array [
      "PAAS Manager",
    ],
    "rolesRedirect": Object {
      "PAAS HR": "paasReport",
      "PAAS Security": "paasReport",
    },
  },
  Object {
    "component": [Function],
    "exact": true,
    "key": "paasPrevious",
    "name": "Previous Staff",
    "path": "/paas/previous",
    "roles": Array [
      "PAAS Manager",
    ],
  },
  Object {
    "component": [Function],
    "exact": true,
    "key": "paasReport",
    "name": "Reports",
    "path": "/paas/report",
    "roles": Array [
      "PAAS Manager",
      "PAAS HR",
      "PAAS Security",
    ],
  },
  Object {
    "component": [Function],
    "exact": true,
    "key": "paasAdmin",
    "name": "Admin",
    "path": "/paas/admin",
    "roles": Array [
      "PAAS Security",
    ],
  },
  Object {
    "component": [Function],
    "exact": true,
    "key": "paasHelp",
    "name": "Help",
    "path": "/paas/help",
    "roles": Array [
      "PAAS Manager",
      "PAAS HR",
      "PAAS Security",
    ],
  },
]
`;
